../Core/Src/main.c:76:6:Modbus_RxCallback	16	static
../Core/Src/main.c:82:6:HAL_UART_ErrorCallback	16	static
../Core/Src/main.c:98:6:Timer_PeriodElapsedCallback	16	static
../Core/Src/main.c:107:6:Joystick_RxCallback	16	static
../Core/Src/main.c:122:5:main	16	static
../Core/Src/main.c:197:6:SystemClock_Config	88	static
../Core/Src/main.c:244:13:MX_LPUART1_UART_Init	8	static
../Core/Src/main.c:291:13:MX_USART3_UART_Init	8	static
../Core/Src/main.c:340:13:MX_TIM3_Init	56	static
../Core/Src/main.c:389:13:MX_TIM6_Init	24	static
../Core/Src/main.c:427:13:MX_TIM8_Init	104	static
../Core/Src/main.c:499:13:MX_TIM16_Init	8	static
../Core/Src/main.c:531:13:MX_GPIO_Init	48	static
../Core/Src/main.c:580:5:_write	24	static
../Core/Src/main.c:591:6:Error_Handler	4	static,ignoring_inline_asm
