../Core/Src/motor_controller.c:94:14:PID_Compute	48	static
../Core/Src/motor_controller.c:117:13:PWM_Apply	32	static
../Core/Src/motor_controller.c:142:13:Encoder_Update	24	static
../Core/Src/motor_controller.c:167:13:Trajectory_Generator_Update	72	static
../Core/Src/motor_controller.c:252:6:Motor_Init	8	static
../Core/Src/motor_controller.c:305:6:Motor_MoveToPosition	16	static
../Core/Src/motor_controller.c:312:6:Motor_SetVoltageLimit	24	static
../Core/Src/motor_controller.c:320:6:Motor_SetMotionProfile	24	static
../Core/Src/motor_controller.c:327:6:Motor_SetJogVelocity	16	static
../Core/Src/motor_controller.c:334:6:Motor_UpdateSelectionButton	16	static
../Core/Src/motor_controller.c:346:6:Motor_UpdateModeButton	16	static
../Core/Src/motor_controller.c:358:6:Motor_UpdateControlModeButton	16	static
../Core/Src/motor_controller.c:370:6:Motor_SetConnectionStatus	16	static
../Core/Src/motor_controller.c:375:6:Motor_SendDataToMatlab	24	static
../Core/Src/motor_controller.c:406:6:Motor_StartAutotune	8	static
../Core/Src/motor_controller.c:424:6:Motor_StartAutotuneSpeed	8	static
../Core/Src/motor_controller.c:443:6:Motor_ProcessCommand	24	static
../Core/Src/motor_controller.c:591:6:Motor_ControlLoop	64	static
../Core/Src/motor_controller.c:911:7:Motor_GetPosition	4	static
../Core/Src/motor_controller.c:912:7:Motor_GetSpeed	4	static
../Core/Src/motor_controller.c:918:6:Gripper_Up	8	static
../Core/Src/motor_controller.c:919:6:Gripper_Down	8	static
../Core/Src/motor_controller.c:920:6:Gripper_Open	8	static
../Core/Src/motor_controller.c:921:6:Gripper_Close	8	static
../Core/Src/motor_controller.c:923:6:Gripper_Toggle	8	static
../Core/Src/motor_controller.c:931:6:Gripper_Sequence_Pick	8	static
../Core/Src/motor_controller.c:944:6:Gripper_Sequence_Place	8	static
